Archive member included to satisfy reference by file (symbol)

arch/arm/lib/lib.a(ashldi3.o)
                              drivers/built-in.o (__aeabi_llsl)
arch/arm/lib/lib.a(lib1funcs.o)
                              arch/arm/cpu/arm926ejs/built-in.o (__aeabi_uidiv)
arch/arm/lib/lib.a(lshrdi3.o)
                              fs/built-in.o (__aeabi_llsr)
arch/arm/lib/lib.a(muldi3.o)  common/built-in.o (__aeabi_lmul)
arch/arm/lib/lib.a(div0.o)    arch/arm/lib/lib.a(lib1funcs.o) (__div0)

Discarded input sections

 .data          0x0000000000000000        0x0 arch/arm/cpu/arm926ejs/start.o
 .bss           0x0000000000000000        0x0 arch/arm/cpu/arm926ejs/start.o
 .text          0x0000000000000000        0x0 arch/arm/cpu/arm926ejs/built-in.o
 .text.invalidate_dcache_all
                0x0000000000000000        0xc arch/arm/cpu/arm926ejs/built-in.o
 .text.invalidate_dcache_range
                0x0000000000000000       0x2c arch/arm/cpu/arm926ejs/built-in.o
 .text.invalidate_l2_cache
                0x0000000000000000        0x4 arch/arm/cpu/arm926ejs/built-in.o
 .text.s_init   0x0000000000000000        0x4 arch/arm/cpu/arm926ejs/built-in.o
 .data          0x0000000000000000        0x0 arch/arm/cpu/arm926ejs/built-in.o
 .bss           0x0000000000000000        0x0 arch/arm/cpu/arm926ejs/built-in.o
 .text.armv7_boot_nonsec_default
                0x0000000000000000        0x4 arch/arm/lib/built-in.o
 .text.enable_caches
                0x0000000000000000        0xc arch/arm/lib/built-in.o
 .text.invalidate_dcache_range
                0x0000000000000000        0x4 arch/arm/lib/built-in.o
 .text.flush_dcache_range
                0x0000000000000000        0x4 arch/arm/lib/built-in.o
 .text.flush_dcache_all
                0x0000000000000000        0xc arch/arm/lib/built-in.o
 .text.invalidate_l2_cache
                0x0000000000000000        0xc arch/arm/lib/built-in.o
 .text.mmu_page_table_flush
                0x0000000000000000        0x4 arch/arm/lib/built-in.o
 .text.mmu_set_region_dcache_behaviour
                0x0000000000000000       0x58 arch/arm/lib/built-in.o
 .text.icache_enable
                0x0000000000000000       0x10 arch/arm/lib/built-in.o
 .text.icache_status
                0x0000000000000000       0x10 arch/arm/lib/built-in.o
 .text.fdt_psci
                0x0000000000000000        0x4 arch/arm/lib/built-in.o
 .rodata.enable_caches.str1.1
                0x0000000000000000       0x1d arch/arm/lib/built-in.o
 .data          0x0000000000000000        0x0 arch/arm/lib/built-in.o
 .__secure_end  0x0000000000000000        0x0 arch/arm/lib/built-in.o
 .__secure_stack_end
                0x0000000000000000        0x0 arch/arm/lib/built-in.o
 .__secure_stack_start
                0x0000000000000000        0x0 arch/arm/lib/built-in.o
 .__secure_start
                0x0000000000000000        0x0 arch/arm/lib/built-in.o
 .bss           0x0000000000000000        0x0 arch/arm/lib/built-in.o
 .text          0x0000000000000000        0x0 arch/arm/mach-sunxi/built-in.o
 .text.gtbus_init
                0x0000000000000000        0x2 arch/arm/mach-sunxi/built-in.o
 .text.mctl_await_completion
                0x0000000000000000       0x30 arch/arm/mach-sunxi/built-in.o
 .text.sunxi_gpio_get_cfgpin
                0x0000000000000000       0x28 arch/arm/mach-sunxi/built-in.o
 .text.sunxi_gpio_parse_pin_name
                0x0000000000000000       0x2a arch/arm/mach-sunxi/built-in.o
 .text.sunxi_gpio_setup_dt_pins
                0x0000000000000000      0x114 arch/arm/mach-sunxi/built-in.o
 .text.usb_phy_write.isra.0
                0x0000000000000000       0x64 arch/arm/mach-sunxi/built-in.o
 .text.sunxi_usb_phy_enable_squelch_detect
                0x0000000000000000       0x24 arch/arm/mach-sunxi/built-in.o
 .text.sunxi_usb_phy_init
                0x0000000000000000       0x70 arch/arm/mach-sunxi/built-in.o
 .text.sunxi_usb_phy_exit
                0x0000000000000000       0x40 arch/arm/mach-sunxi/built-in.o
 .text.sunxi_usb_phy_power_on
                0x0000000000000000       0x4c arch/arm/mach-sunxi/built-in.o
 .text.sunxi_usb_phy_power_off
                0x0000000000000000       0x28 arch/arm/mach-sunxi/built-in.o
 .text.sunxi_usb_phy_vbus_detect
                0x0000000000000000       0x48 arch/arm/mach-sunxi/built-in.o
 .text.sunxi_usb_phy_id_detect
                0x0000000000000000       0x20 arch/arm/mach-sunxi/built-in.o
 .text.sunxi_usb_phy_remove
                0x0000000000000000       0x3c arch/arm/mach-sunxi/built-in.o
 .text.clock_set_pll3
                0x0000000000000000       0x38 arch/arm/mach-sunxi/built-in.o
 .text.clock_set_pll5
                0x0000000000000000       0x9c arch/arm/mach-sunxi/built-in.o
 .text.clock_get_pll3
                0x0000000000000000       0x30 arch/arm/mach-sunxi/built-in.o
 .text.clock_get_mipi_pll
                0x0000000000000000       0x44 arch/arm/mach-sunxi/built-in.o
 .text.clock_set_de_mod_clock
[...]
Memory Configuration

Name             Origin             Length             Attributes
*default*        0x0000000000000000 0xffffffffffffffff

Linker script and memory map

Address of section .text set to 0x81700000
                0x0000000000000000                . = 0x0
                0x0000000000000000                . = ALIGN (0x4)

.text           0x0000000081700000    0x29fb0
 *(.__image_copy_start)
 .__image_copy_start
                0x0000000081700000        0x0 arch/arm/lib/built-in.o
                0x0000000081700000                __image_copy_start
 *(.vectors)
 .vectors       0x0000000081700000      0x2e8 arch/arm/lib/built-in.o
                0x0000000081700000                _start
                0x0000000081700020                _undefined_instruction
                0x0000000081700024                _software_interrupt
                0x0000000081700028                _prefetch_abort
                0x000000008170002c                _data_abort
                0x0000000081700030                _not_used
                0x0000000081700034                _irq
                0x0000000081700038                _fiq
                0x0000000081700040                IRQ_STACK_START_IN
 arch/arm/cpu/arm926ejs/start.o(.text*)
 .text          0x00000000817002e8       0x64 arch/arm/cpu/arm926ejs/start.o
                0x00000000817002e8                reset
                0x00000000817002ec                save_boot_params_ret
                0x0000000081700304                c_runtime_cpu_setup
                0x0000000081700348                save_boot_params
 *(.text*)
 .text.cleanup_before_linux
                0x000000008170034c       0x20 arch/arm/cpu/arm926ejs/built-in.o
                0x000000008170034c                cleanup_before_linux
 .text.flush_dcache_all
                0x000000008170036c       0x14 arch/arm/cpu/arm926ejs/built-in.o
                0x000000008170036c                flush_dcache_all
 .text.flush_dcache_range
                0x0000000081700380       0x38 arch/arm/cpu/arm926ejs/built-in.o
                0x0000000081700380                flush_dcache_range
 .text.l2_cache_disable
                0x00000000817003b8        0x4 arch/arm/cpu/arm926ejs/built-in.o
                0x00000000817003b8                l2_cache_disable
 .text.timer_init
                0x00000000817003bc       0x20 arch/arm/cpu/arm926ejs/built-in.o
                0x00000000817003bc                timer_init
 .text.get_timer_masked
                0x00000000817003dc       0x50 arch/arm/cpu/arm926ejs/built-in.o
                0x00000000817003dc                get_timer_masked
 .text.get_timer
                0x000000008170042c       0x14 arch/arm/cpu/arm926ejs/built-in.o
                0x000000008170042c                get_timer
 .text.__udelay
                0x0000000081700440       0x38 arch/arm/cpu/arm926ejs/built-in.o
                0x0000000081700440                __udelay
 .text.get_ticks
                0x0000000081700478       0x10 arch/arm/cpu/arm926ejs/built-in.o
                0x0000000081700478                get_ticks
 .text.get_tbclk
                0x0000000081700488        0x6 arch/arm/cpu/arm926ejs/built-in.o
                0x0000000081700488                get_tbclk
 *fill*         0x000000008170048e        0x2 
 .text.lowlevel_init
                0x0000000081700490       0x24 arch/arm/cpu/arm926ejs/built-in.o
                0x0000000081700490                lowlevel_init
 *fill*         0x00000000817004b4        0xc 
 .text          0x00000000817004c0      0x480 arch/arm/lib/built-in.o
                0x00000000817004c0                _main
                0x0000000081700560                memset
                0x0000000081700608                memcpy
 .text.setjmp   0x0000000081700940       0x10 arch/arm/lib/built-in.o
                0x0000000081700940                setjmp
 .text.longjmp  0x0000000081700950       0x1c arch/arm/lib/built-in.o
                0x0000000081700950                longjmp
 .text.relocate_vectors
                0x000000008170096c       0x90 arch/arm/lib/built-in.o
                0x000000008170096c                relocate_vectors
                0x0000000081700994                relocate_code
 .text.arch_fixup_fdt
                0x00000000817009fc       0x28 arch/arm/lib/built-in.o
                0x00000000817009fc                arch_fixup_fdt
 .text.arch_lmb_reserve
                0x0000000081700a24       0x28 arch/arm/lib/built-in.o
                0x0000000081700a24                arch_lmb_reserve
 .text.board_quiesce_devices
                0x0000000081700a4c        0x2 arch/arm/lib/built-in.o
                0x0000000081700a4c                board_quiesce_devices
 *fill*         0x0000000081700a4e        0x2 
 .text.boot_jump_linux
                0x0000000081700a50       0x9c arch/arm/lib/built-in.o
 .text.setup_board_tags
                0x0000000081700aec        0x2 arch/arm/lib/built-in.o
                0x0000000081700aec                setup_board_tags
 *fill*         0x0000000081700aee        0x2 
 .text.boot_prep_linux
                0x0000000081700af0      0x12c arch/arm/lib/built-in.o
 .text.do_bootm_linux
                0x0000000081700c1c       0x48 arch/arm/lib/built-in.o
                0x0000000081700c1c                do_bootm_linux
 .text.boot_prep_vxworks
                0x0000000081700c64       0x3c arch/arm/lib/built-in.o
                0x0000000081700c64                boot_prep_vxworks
 .text.boot_jump_vxworks
                0x0000000081700ca0       0x10 arch/arm/lib/built-in.o
                0x0000000081700ca0                boot_jump_vxworks
 .text.bootz_setup
                0x0000000081700cb0       0x7c arch/arm/lib/built-in.o
                0x0000000081700cb0                bootz_setup
 .text.arch_reserve_stacks
                0x0000000081700d2c       0x1a arch/arm/lib/built-in.o
                0x0000000081700d2c                arch_reserve_stacks
 *fill*         0x0000000081700d46        0x2 
 .text.interrupt_init
                0x0000000081700d48       0x1c arch/arm/lib/built-in.o
                0x0000000081700d48                interrupt_init
 .text.enable_interrupts
                0x0000000081700d64        0x2 arch/arm/lib/built-in.o
                0x0000000081700d64                enable_interrupts
 .text.disable_interrupts
                0x0000000081700d66        0x4 arch/arm/lib/built-in.o
                0x0000000081700d66                disable_interrupts
 *fill*         0x0000000081700d6a        0x2 
 .text.bad_mode
                0x0000000081700d6c       0x10 arch/arm/lib/built-in.o
                0x0000000081700d6c                bad_mode
 .text.show_regs
                0x0000000081700d7c       0xfc arch/arm/lib/built-in.o
                0x0000000081700d7c                show_regs
 .text.do_undefined_instruction
                0x0000000081700e78       0x28 arch/arm/lib/built-in.o
                0x0000000081700e78                do_undefined_instruction
 .text.do_software_interrupt
                0x0000000081700ea0       0x28 arch/arm/lib/built-in.o
                0x0000000081700ea0                do_software_interrupt
 .text.do_prefetch_abort
                0x0000000081700ec8       0x28 arch/arm/lib/built-in.o
                0x0000000081700ec8                do_prefetch_abort
 .text.do_data_abort
                0x0000000081700ef0       0x28 arch/arm/lib/built-in.o
                0x0000000081700ef0                do_data_abort
 .text.do_not_used
                0x0000000081700f18       0x28 arch/arm/lib/built-in.o
                0x0000000081700f18                do_not_used
 .text.do_fiq   0x0000000081700f40       0x28 arch/arm/lib/built-in.o
                0x0000000081700f40                do_fiq
 .text.do_irq   0x0000000081700f68       0x28 arch/arm/lib/built-in.o
                0x0000000081700f68                do_irq
 .text.reset_misc
                0x0000000081700f90        0x2 arch/arm/lib/built-in.o
                0x0000000081700f90                reset_misc
 *fill*         0x0000000081700f92        0x2 
 .text.do_reset
                0x0000000081700f94       0x28 arch/arm/lib/built-in.o
                0x0000000081700f94                do_reset
 .text.flush_cache
                0x0000000081700fbc        0x8 arch/arm/lib/built-in.o
                0x0000000081700fbc                flush_cache
 .text.check_cache_range
                0x0000000081700fc4       0x34 arch/arm/lib/built-in.o
                0x0000000081700fc4                check_cache_range
 .text.arm_init_before_mmu
                0x0000000081700ff8        0x4 arch/arm/lib/built-in.o
                0x0000000081700ff8                arm_init_before_mmu
 .text.arm_init_domains
                0x0000000081700ffc        0x4 arch/arm/lib/built-in.o
                0x0000000081700ffc                arm_init_domains
 .text.set_section_dcache
                0x0000000081701000       0x14 arch/arm/lib/built-in.o
                0x0000000081701000                set_section_dcache
 .text.dram_bank_mmu_setup
                0x0000000081701014       0x40 arch/arm/lib/built-in.o
                0x0000000081701014                dram_bank_mmu_setup
 .text.icache_disable
                0x0000000081701054       0x14 arch/arm/lib/built-in.o
                0x0000000081701054                icache_disable
 .text.dcache_enable
                0x0000000081701068       0x64 arch/arm/lib/built-in.o
                0x0000000081701068                dcache_enable
 .text.dcache_disable
                0x00000000817010cc       0x24 arch/arm/lib/built-in.o
                0x00000000817010cc                dcache_disable
 .text.dcache_status
                0x00000000817010f0       0x10 arch/arm/lib/built-in.o
                0x00000000817010f0                dcache_status
 .text.s_init   0x0000000081701100       0x2e arch/arm/mach-sunxi/built-in.o
                0x0000000081701100                s_init
 *fill*         0x000000008170112e        0x2 
 .text.sunxi_get_boot_device
                0x0000000081701130       0x4c arch/arm/mach-sunxi/built-in.o
                0x0000000081701130                sunxi_get_boot_device
 .text.reset_cpu
                0x000000008170117c       0x1c arch/arm/mach-sunxi/built-in.o
                0x000000008170117c                reset_cpu
 .text.enable_caches
                0x0000000081701198        0xe arch/arm/mach-sunxi/built-in.o
                0x0000000081701198                enable_caches
 .text.clock_init_sec
                0x00000000817011a6        0x4 arch/arm/mach-sunxi/built-in.o
                0x00000000817011a8                clock_init_sec
 .text.clock_init
                0x00000000817011aa        0xe arch/arm/mach-sunxi/built-in.o
                0x00000000817011aa                clock_init
 .text.print_cpuinfo
                0x00000000817011b8       0x10 arch/arm/mach-sunxi/built-in.o
                0x00000000817011b8                print_cpuinfo
 .text.sunxi_get_sid
                0x00000000817011c8       0x2c arch/arm/mach-sunxi/built-in.o
                0x00000000817011c8                sunxi_get_sid
 .text.sunxi_gpio_set_cfgbank
                0x00000000817011f4       0x20 arch/arm/mach-sunxi/built-in.o
                0x00000000817011f4                sunxi_gpio_set_cfgbank
 .text.sunxi_gpio_set_cfgpin
                0x0000000081701214       0x2c arch/arm/mach-sunxi/built-in.o
                0x0000000081701214                sunxi_gpio_set_cfgpin
 .text.sunxi_gpio_get_cfgbank
                0x0000000081701240       0x18 arch/arm/mach-sunxi/built-in.o
                0x0000000081701240                sunxi_gpio_get_cfgbank
 .text.sunxi_gpio_set_drv
                0x0000000081701258       0x40 arch/arm/mach-sunxi/built-in.o
                0x0000000081701258                sunxi_gpio_set_drv
 .text.sunxi_gpio_set_pull
                0x0000000081701298       0x40 arch/arm/mach-sunxi/built-in.o
                0x0000000081701298                sunxi_gpio_set_pull
 .text.sunxi_usb_phy_probe
                0x00000000817012d8       0xa0 arch/arm/mach-sunxi/built-in.o
                0x00000000817012d8                sunxi_usb_phy_probe
 .text.clock_init_uart
                0x0000000081701378       0x44 arch/arm/mach-sunxi/built-in.o
                0x0000000081701378                clock_init_uart
 .text.clock_get_pll6
                0x00000000817013bc       0x28 arch/arm/mach-sunxi/built-in.o
                0x00000000817013bc                clock_get_pll6
 .text.setup_environment
                0x00000000817013e4       0xe4 board/sunxi/built-in.o
 .text.i2c_init_board
                0x00000000817014c8        0x2 board/sunxi/built-in.o
                0x00000000817014c8                i2c_init_board
 *fill*         0x00000000817014ca        0x2 
 .text.board_init
                0x00000000817014cc       0x6c board/sunxi/built-in.o
                0x00000000817014cc                board_init
 .text.dram_init
                0x0000000081701538       0x1a board/sunxi/built-in.o
                0x0000000081701538                dram_init
 .text.board_mmc_init
                0x0000000081701552       0x3a board/sunxi/built-in.o
                0x0000000081701552                board_mmc_init
 .text.get_board_serial
                0x000000008170158c       0x2c board/sunxi/built-in.o
                0x000000008170158c                get_board_serial
 .text.misc_init_r
                0x00000000817015b8       0xc4 board/sunxi/built-in.o
                0x00000000817015b8                misc_init_r
 .text.ft_board_setup
                0x000000008170167c       0x10 board/sunxi/built-in.o
                0x000000008170167c                ft_board_setup
 .text.do_go_exec
                0x000000008170168c        0xc cmd/built-in.o
                0x000000008170168c                do_go_exec
 .text.do_go    0x0000000081701698       0x48 cmd/built-in.o
 .text.do_bootm
                0x00000000817016e0       0xac cmd/built-in.o
                0x00000000817016e0                do_bootm
 .text.do_bootd
                0x000000008170178c       0x20 cmd/built-in.o
                0x000000008170178c                do_bootd
 .text.image_info
                0x00000000817017ac       0xb0 cmd/built-in.o
 .text.do_iminfo
                0x000000008170185c       0x48 cmd/built-in.o
 .text.bootm_maybe_autostart
                0x00000000817018a4       0x58 cmd/built-in.o
                0x00000000817018a4                bootm_maybe_autostart
 .text.do_help  0x00000000817018fc       0x30 cmd/built-in.o
 .text.do_version
                0x000000008170192c       0x2c cmd/built-in.o
 .text.blk_common_cmd
                0x0000000081701958      0x1ec cmd/built-in.o
                0x0000000081701958                blk_common_cmd
 .text.source   0x0000000081701b44       0xcc cmd/built-in.o
                0x0000000081701b44                source
 .text.do_source
                0x0000000081701c10       0x30 cmd/built-in.o
 .text.print_num
                0x0000000081701c40       0x18 cmd/built-in.o
 .text.do_bdinfo
                0x0000000081701c58       0xd4 cmd/built-in.o
 .text.efi_init_obj_list
                0x0000000081701d2c       0x30 cmd/built-in.o
 .text.do_bootefi_exec
                0x0000000081701d5c      0x310 cmd/built-in.o
 .text.do_bootefi
                0x000000008170206c       0xd4 cmd/built-in.o
 .text.efi_set_bootdev
                0x0000000081702140       0xc0 cmd/built-in.o
                0x0000000081702140                efi_set_bootdev
 .text.do_bootz
                0x0000000081702200       0x9c cmd/built-in.o
                0x0000000081702200                do_bootz
 .text.do_coninfo
                0x000000008170229c       0x74 cmd/built-in.o
 .text.do_echo  0x0000000081702310       0x70 cmd/built-in.o
 .text.load_elf_image_shdr
                0x0000000081702380       0x50 cmd/built-in.o
 .text.valid_elf_image
                0x00000000817023d0       0x2c cmd/built-in.o
                0x00000000817023d0                valid_elf_image
 .text.do_bootelf
                0x00000000817023fc      0x118 cmd/built-in.o
                0x00000000817023fc                do_bootelf
 .text.do_bootvx
                0x0000000081702514      0x260 cmd/built-in.o
                0x0000000081702514                do_bootvx
 .text.do_exit  0x0000000081702774       0x1a cmd/built-in.o
 .text.do_ext4_size
                0x000000008170278e        0xc cmd/built-in.o
                0x000000008170278e                do_ext4_size
 .text.do_ext4_load
                0x000000008170279a        0xc cmd/built-in.o
                0x000000008170279a                do_ext4_load
 .text.do_ext4_ls
                0x00000000817027a6        0xc cmd/built-in.o
                0x00000000817027a6                do_ext4_ls
 .text.do_ext2load
                0x00000000817027b2        0xc cmd/built-in.o
                0x00000000817027b2                do_ext2load
 .text.do_ext2ls
                0x00000000817027be        0xc cmd/built-in.o
 .text.do_fat_size
                0x00000000817027ca        0xc cmd/built-in.o
                0x00000000817027ca                do_fat_size
 .text.do_fat_fsload
                0x00000000817027d6        0xc cmd/built-in.o
                0x00000000817027d6                do_fat_fsload
 .text.do_fat_ls
                0x00000000817027e2        0xc cmd/built-in.o
 *fill*         0x00000000817027ee        0x2 
 .text.do_fat_fswrite
                0x00000000817027f0       0xb4 cmd/built-in.o
 .text.do_fat_fsinfo
                0x00000000817028a4       0x58 cmd/built-in.o
 .text.fdt_valid
                0x00000000817028fc       0xc0 cmd/built-in.o
 .text.is_printable_string
                0x00000000817029bc       0x50 cmd/built-in.o
 .text.print_data
                0x0000000081702a0c      0x114 cmd/built-in.o
 .text.set_working_fdt_addr
                0x0000000081702b20       0x20 cmd/built-in.o
                0x0000000081702b20                set_working_fdt_addr
 .text.do_fdt   0x0000000081702b40      0xbd4 cmd/built-in.o
 .text.do_flinfo
                0x0000000081703714        0x4 cmd/built-in.o
 .text.do_protect
                0x0000000081703718        0xe cmd/built-in.o
 .text.do_flerase
                0x0000000081703726        0x4 cmd/built-in.o
 .text.do_size_wrapper
                0x000000008170372a        0xc cmd/built-in.o
 *fill*         0x0000000081703736        0x2 
 .text.do_load_wrapper
                0x0000000081703738       0x3c cmd/built-in.o
 .text.do_save_wrapper
                0x0000000081703774        0xc cmd/built-in.o
 .text.do_ls_wrapper
                0x0000000081703780        0xc cmd/built-in.o
 .text.do_fstype_wrapper
                0x000000008170378c        0x8 cmd/built-in.o
 .text.gpio_get_description
                0x0000000081703794       0x84 cmd/built-in.o
 .text.do_gpio  0x0000000081703818      0x228 cmd/built-in.o
 .text.evalexp  0x0000000081703a40       0x48 cmd/built-in.o
 .text.evalstr  0x0000000081703a88       0x40 cmd/built-in.o
 .text.binary_test
                0x0000000081703ac8      0x104 cmd/built-in.o
 .text.do_itest
                0x0000000081703bcc       0x4c cmd/built-in.o
 .text.do_mem_mw
                0x0000000081703c18       0x84 cmd/built-in.o
 .text.do_mem_loop
                0x0000000081703c9c       0x86 cmd/built-in.o
 *fill*         0x0000000081703d22        0x2 
 .text.do_mem_md
                0x0000000081703d24       0xa4 cmd/built-in.o
 .text.do_mem_cmp
                0x0000000081703dc8       0xe8 cmd/built-in.o
 .text.do_mem_base
                0x0000000081703eb0       0x30 cmd/built-in.o
 .text.do_mem_cp
                0x0000000081703ee0       0x84 cmd/built-in.o
 .text.mod_mem.isra.0
                0x0000000081703f64       0xec cmd/built-in.o
 .text.do_mem_mm
                0x0000000081704050       0x12 cmd/built-in.o
 .text.do_mem_nm
                0x0000000081704062       0x12 cmd/built-in.o
 .text.extract_range
                0x0000000081704074       0x2c cmd/built-in.o
 .text.do_mii   0x00000000817040a0      0x640 cmd/built-in.o
 .text.do_mmcops
                0x00000000817046e0       0x6c cmd/built-in.o
 .text.init_mmc_device
                0x000000008170474c       0x38 cmd/built-in.o
 .text.do_mmc_rescan
                0x0000000081704784       0x18 cmd/built-in.o
 .text.do_mmc_hwpartition
                0x000000008170479c      0x35c cmd/built-in.o
 .text.do_mmc_list
                0x0000000081704af8        0xc cmd/built-in.o
 .text.do_mmc_dev
                0x0000000081704b04       0xc4 cmd/built-in.o
 .text.do_mmc_read
                0x0000000081704bc8       0x90 cmd/built-in.o
 .text.do_mmc_erase
                0x0000000081704c58       0x9c cmd/built-in.o
 .text.do_mmc_write
                0x0000000081704cf4       0xa8 cmd/built-in.o
 .text.do_mmcinfo
                0x0000000081704d9c      0x2b0 cmd/built-in.o
 .text.do_mmc_setdsr
                0x000000008170504c       0x70 cmd/built-in.o
 .text.do_mmc_part
                0x00000000817050bc       0x40 cmd/built-in.o
 .text.netboot_common
                0x00000000817050fc      0x1b4 cmd/built-in.o
 .text.do_bootp
                0x00000000817052b0        0xc cmd/built-in.o
 .text.do_dhcp  0x00000000817052bc        0xc cmd/built-in.o
 .text.do_nfs   0x00000000817052c8        0xc cmd/built-in.o
 .text.do_tftpb
                0x00000000817052d4       0x26 cmd/built-in.o
                0x00000000817052d4                do_tftpb
 *fill*         0x00000000817052fa        0x2 
 .text.do_ping  0x00000000817052fc       0x48 cmd/built-in.o
 .text.do_part_list
                0x0000000081705344       0xfc cmd/built-in.o
 .text.do_part_start
                0x0000000081705440       0x88 cmd/built-in.o
 .text.do_part_size
                0x00000000817054c8       0x88 cmd/built-in.o
 .text.do_part  0x0000000081705550       0xb4 cmd/built-in.o
 .text.eol_or_eof
                0x0000000081705604       0x14 cmd/built-in.o
 .text.do_pxe   0x0000000081705618       0x40 cmd/built-in.o
 .text.label_print
                0x0000000081705658       0x18 cmd/built-in.o
 .text.do_get_tftp
                0x0000000081705670       0x2c cmd/built-in.o
 .text.from_env
                0x000000008170569c       0x1c cmd/built-in.o
 .text.get_string
                0x00000000817056b8       0x7c cmd/built-in.o
 .text.label_destroy
                0x0000000081705734       0x48 cmd/built-in.o
 .text.destroy_pxe_menu
                0x000000008170577c       0x38 cmd/built-in.o
 .text.get_token
                0x00000000817057b4       0x98 cmd/built-in.o
 .text.parse_sliteral
                0x000000008170584c       0x34 cmd/built-in.o
 .text.parse_integer
                0x0000000081705880       0x44 cmd/built-in.o
 .text.do_get_any
                0x00000000817058c4       0x2c cmd/built-in.o
 .text.do_get_fat
                0x00000000817058f0       0x28 cmd/built-in.o
 .text.do_get_ext2
                0x0000000081705918       0x28 cmd/built-in.o
 .text.format_mac_pxe.constprop.6
                0x0000000081705940       0x4c cmd/built-in.o
 .text.get_relfile
                0x000000008170598c       0xc0 cmd/built-in.o
 .text.get_pxe_file
                0x0000000081705a4c       0x3c cmd/built-in.o
 .text.handle_include
                0x0000000081705a88       0x64 cmd/built-in.o
 .text.parse_pxefile_top
                0x0000000081705aec      0x2ac cmd/built-in.o
 .text.parse_pxefile
                0x0000000081705d98       0x40 cmd/built-in.o
 .text.get_pxelinux_path
                0x0000000081705dd8       0x54 cmd/built-in.o
 .text.do_pxe_get
                0x0000000081705e2c       0xf8 cmd/built-in.o
 .text.get_relfile_envaddr
                0x0000000081705f24       0x32 cmd/built-in.o
 *fill*         0x0000000081705f56        0x2 
 .text.label_boot
                0x0000000081705f58      0x3b4 cmd/built-in.o
 .text.handle_pxe_menu
                0x000000008170630c       0xd8 cmd/built-in.o
 .text.do_pxe_boot
                0x00000000817063e4       0x94 cmd/built-in.o
 .text.do_sysboot
                0x0000000081706478      0x148 cmd/built-in.o
 .text.get_arg  0x00000000817065c0       0x32 cmd/built-in.o
 *fill*         0x00000000817065f2        0x2 
 .text.do_setexpr
                0x00000000817065f4       0xb8 cmd/built-in.o
 .text.do_false
                0x00000000817066ac        0x4 cmd/built-in.o
 .text.do_true  0x00000000817066b0        0x4 cmd/built-in.o
 .text.do_test  0x00000000817066b4      0x1f8 cmd/built-in.o
 .text.usb_get_class_desc
                0x00000000817068ac       0x68 cmd/built-in.o
 .text.usb_display_class_sub
                0x0000000081706914       0xf8 cmd/built-in.o
 .text.usb_display_desc
                0x0000000081706a0c       0xf8 cmd/built-in.o
 .text.usb_show_tree_graph
                0x0000000081706b04      0x194 cmd/built-in.o
 .text.usb_show_subtree
                0x0000000081706c98       0x24 cmd/built-in.o
 .text.usb_for_each_root_dev
                0x0000000081706cbc       0x4a cmd/built-in.o
 *fill*         0x0000000081706d06        0x2 
 .text.usb_display_string
                0x0000000081706d08       0x34 cmd/built-in.o
 .text.usb_display_config
                0x0000000081706d3c      0x1ac cmd/built-in.o
 .text.usb_show_info
                0x0000000081706ee8       0x5c cmd/built-in.o
 .text.usb_find_device
                0x0000000081706f44       0x74 cmd/built-in.o
 .text.do_usbboot
                0x0000000081706fb8       0x18 cmd/built-in.o
 .text.do_usb_start
                0x0000000081706fd0       0x28 cmd/built-in.o
 .text.usb_show_tree
                0x0000000081706ff8       0x14 cmd/built-in.o
                0x0000000081706ff8                usb_show_tree
 .text.do_usb   0x000000008170700c      0x2ac cmd/built-in.o
 .text.common_diskboot
                0x00000000817072b8      0x184 cmd/built-in.o
                0x00000000817072b8                common_diskboot
 .text.do_imgextract
                0x000000008170743c      0x1cc cmd/built-in.o
 .text.extract_val
                0x0000000081707608       0x58 cmd/built-in.o
 .text.extract_env
                0x0000000081707660       0x9c cmd/built-in.o
 .text.set_gpt_info.isra.0.constprop.1
                0x00000000817076fc      0x32c cmd/built-in.o
 .text.do_gpt   0x0000000081707a28      0x238 cmd/built-in.o
 .text.do_env_delete
                0x0000000081707c60       0x68 cmd/built-in.o
 .text.do_env_exists
                0x0000000081707cc8       0x3c cmd/built-in.o
 .text.do_env_save
                0x0000000081707d04       0x24 cmd/built-in.o
 .text.do_env   0x0000000081707d28       0x44 cmd/built-in.o
 .text.env_print
                0x0000000081707d6c       0x80 cmd/built-in.o
 .text.do_env_print
                0x0000000081707dec       0x84 cmd/built-in.o
 .text.do_env_import
                0x0000000081707e70      0x188 cmd/built-in.o
 .text.do_env_default
                0x0000000081707ff8       0x60 cmd/built-in.o
 .text._do_env_set.isra.0
                0x0000000081708058      0x124 cmd/built-in.o
 .text.do_env_set
                0x000000008170817c       0x20 cmd/built-in.o
 .text.get_env_id
                0x000000008170819c        0xc cmd/built-in.o
                0x000000008170819c                get_env_id
 .text.env_set  0x00000000817081a8       0x44 cmd/built-in.o
                0x00000000817081a8                env_set
 .text.env_set_ulong
                0x00000000817081ec       0x1c cmd/built-in.o
                0x00000000817081ec                env_set_ulong
 .text.env_set_hex
                0x0000000081708208       0x28 cmd/built-in.o
                0x0000000081708208                env_set_hex
 .text.do_env_export
                0x0000000081708230      0x154 cmd/built-in.o
 .text.envmatch
                0x0000000081708384       0x44 cmd/built-in.o
                0x0000000081708384                envmatch
 .text.env_get_f
                0x00000000817083c8       0x94 cmd/built-in.o
                0x00000000817083c8                env_get_f
 .text.env_get  0x000000008170845c       0x58 cmd/built-in.o
                0x000000008170845c                env_get
 .text.env_get_hex
                0x00000000817084b4       0x2c cmd/built-in.o
                0x00000000817084b4                env_get_hex
 .text.env_get_ulong
                0x00000000817084e0       0x24 cmd/built-in.o
                0x00000000817084e0                env_get_ulong
 .text.do_env_edit.part.3
                0x0000000081708504       0x80 cmd/built-in.o
 .text.do_env_edit
                0x0000000081708584       0x26 cmd/built-in.o
 *fill*         0x00000000817085aa        0x2 
 .text.board_init_f_alloc_reserve
                0x00000000817085ac       0x10 common/built-in.o
                0x00000000817085ac                board_init_f_alloc_reserve
 .text.board_init_f_init_reserve
                0x00000000817085bc       0x1e common/built-in.o
                0x00000000817085bc                board_init_f_init_reserve
 .text.show_boot_progress
                0x00000000817085da        0x4 common/built-in.o
                0x00000000817085da                show_boot_progress
 *fill*         0x00000000817085de        0x2 
 .text.main_loop
                0x00000000817085e0       0x54 common/built-in.o
                0x00000000817085e0                main_loop
 .text.mdelay   0x0000000081708634       0x1e common/built-in.o
 .text.dummy    0x0000000081708652        0x2 common/built-in.o
 .text.get_version
                0x0000000081708654        0x4 common/built-in.o
                0x0000000081708654                get_version
 .text.jumptable_init
                0x0000000081708658      0x130 common/built-in.o
                0x0000000081708658                jumptable_init
 .text.b_reset  0x0000000081708788       0x10 common/built-in.o
 .text.static_get
                0x0000000081708798       0x10 common/built-in.o
 .text.static_peek
                0x00000000817087a8        0x6 common/built-in.o
 *fill*         0x00000000817087ae        0x2 
 .text.mapset   0x00000000817087b0       0x14 common/built-in.o
 .text.syntax_err
                0x00000000817087c4       0x14 common/built-in.o
 .text.free_pipe_list
                0x00000000817087d8       0x8c common/built-in.o
 .text.xmalloc  0x0000000081708864       0x20 common/built-in.o
 .text.new_pipe
                0x0000000081708884       0x1c common/built-in.o
 .text.xrealloc
                0x00000000817088a0       0x20 common/built-in.o
 .text.done_command
                0x00000000817088c0       0x54 common/built-in.o
 .text.done_pipe
                0x0000000081708914       0x32 common/built-in.o
 *fill*         0x0000000081708946        0x2 
 .text.done_word
                0x0000000081708948      0x1cc common/built-in.o
 .text.is_assignment
                0x0000000081708b14       0x34 common/built-in.o
 .text.file_get
                0x0000000081708b48      0x128 common/built-in.o
 .text.do_showvar
                0x0000000081708c70       0xa8 common/built-in.o
 .text.b_addchr
                0x0000000081708d18       0x4c common/built-in.o
 .text.b_addqchr
                0x0000000081708d64       0x38 common/built-in.o
 .text.file_peek
                0x0000000081708d9c        0x6 common/built-in.o
 *fill*         0x0000000081708da2        0x2 
 .text.get_local_var
                0x0000000081708da4       0x60 common/built-in.o
                0x0000000081708da4                get_local_var
 .text.set_local_var
                0x0000000081708e04      0x118 common/built-in.o
                0x0000000081708e04                set_local_var
 .text.insert_var_value_sub
                0x0000000081708f1c      0x1c0 common/built-in.o
 .text.parse_string_outer
                0x00000000817090dc       0x98 common/built-in.o
                0x00000000817090dc                parse_string_outer
 .text.run_list_real
                0x0000000081709174      0x4d4 common/built-in.o
 .text.parse_stream_outer
                0x0000000081709648      0x444 common/built-in.o
 .text.parse_file_outer
                0x0000000081709a8c       0x30 common/built-in.o
                0x0000000081709a8c                parse_file_outer
 .text.u_boot_hush_start
                0x0000000081709abc       0x3c common/built-in.o
                0x0000000081709abc                u_boot_hush_start
 .text.bootdelay_process
                0x0000000081709af8       0x94 common/built-in.o
                0x0000000081709af8                bootdelay_process
 .text.autoboot_command
                0x0000000081709b8c       0xb0 common/built-in.o
                0x0000000081709b8c                autoboot_command
 .text.log_init
                0x0000000081709c3c        0x8 common/built-in.o
 .text.display_text_info
                0x0000000081709c44        0x4 common/built-in.o
 .text.setup_mon_len
                0x0000000081709c48       0x20 common/built-in.o
 .text.arch_cpu_init
                0x0000000081709c68        0x4 common/built-in.o
                0x0000000081709c68                arch_cpu_init
 .text.reserve_round_4k
                0x0000000081709c6c       0x18 common/built-in.o
 .text.reserve_mmu
                0x0000000081709c84       0x2c common/built-in.o
                0x0000000081709c84                reserve_mmu
 .text.reserve_uboot
                0x0000000081709cb0       0x20 common/built-in.o
 .text.reserve_malloc
                0x0000000081709cd0       0x1c common/built-in.o
 .text.reserve_global_data
                0x0000000081709cec       0x1a common/built-in.o
 *fill*         0x0000000081709d06        0x2 
 .text.reserve_fdt
                0x0000000081709d08       0x50 common/built-in.o
 .text.dram_init_banksize
                0x0000000081709d58       0x20 common/built-in.o
                0x0000000081709d58                dram_init_banksize
 .text.setup_reloc
                0x0000000081709d78       0x28 common/built-in.o
 .text.reloc_fdt
                0x0000000081709da0       0x28 common/built-in.o
 .text.reserve_board
                0x0000000081709dc8       0x24 common/built-in.o
 .text.announce_dram_init
                0x0000000081709dec       0x18 common/built-in.o
 .text.init_baud_rate
                0x0000000081709e04       0x24 common/built-in.o
 .text.initf_dm
                0x0000000081709e28       0x10 common/built-in.o
 .text.initf_bootstage
                0x0000000081709e38       0x12 common/built-in.o
 .text.arch_cpu_init_dm
                0x0000000081709e4a        0x4 common/built-in.o
                0x0000000081709e4a                arch_cpu_init_dm
 .text.mach_cpu_init
                0x0000000081709e4e        0x4 common/built-in.o
                0x0000000081709e4e                mach_cpu_init
 .text.reserve_video
                0x0000000081709e52        0x4 common/built-in.o
 .text.reserve_trace
                0x0000000081709e56        0x4 common/built-in.o
 .text.setup_machine
                0x0000000081709e5a        0x4 common/built-in.o
 .text.reserve_bootstage
                0x0000000081709e5e        0x4 common/built-in.o
 .text.display_new_sp
                0x0000000081709e62        0x4 common/built-in.o
 .text.reloc_bootstage
                0x0000000081709e66        0x4 common/built-in.o
 .text.initf_console_record
                0x0000000081709e6a        0x4 common/built-in.o
 .text.reserve_arch
                0x0000000081709e6e        0x4 common/built-in.o
                0x0000000081709e6e                reserve_arch
 .text.coloured_LED_init
                0x0000000081709e72        0x2 common/built-in.o
                0x0000000081709e72                coloured_LED_init
 .text.red_led_on
                0x0000000081709e74        0x2 common/built-in.o
                0x0000000081709e74                red_led_on
 .text.board_add_ram_info
                0x0000000081709e76        0x2 common/built-in.o
                0x0000000081709e76                board_add_ram_info
 .text.show_dram_config
                0x0000000081709e78       0x30 common/built-in.o
 .text.board_get_usable_ram_top
                0x0000000081709ea8       0x18 common/built-in.o
                0x0000000081709ea8                board_get_usable_ram_top
 .text.setup_dest_addr
                0x0000000081709ec0       0x30 common/built-in.o
 .text.reserve_stacks
                0x0000000081709ef0       0x1c common/built-in.o
 .text.board_init_f
                0x0000000081709f0c       0x24 common/built-in.o
                0x0000000081709f0c                board_init_f
 .text.initr_trace
                0x0000000081709f30        0x4 common/built-in.o
 .text.initr_reloc
                0x0000000081709f34       0x1c common/built-in.o
 .text.run_main_loop
                0x0000000081709f50        0xa common/built-in.o
 *fill*         0x0000000081709f5a        0x2 
 .text.initr_net
                0x0000000081709f5c       0x1c common/built-in.o
 .text.initr_ethaddr
                0x0000000081709f78       0x1c common/built-in.o
 .text.initr_enable_interrupts
                0x0000000081709f94       0x10 common/built-in.o
 .text.initr_jumptable
                0x0000000081709fa4       0x10 common/built-in.o
 .text.initr_env
                0x0000000081709fb4       0x50 common/built-in.o
 .text.initr_mmc
                0x000000008170a004       0x20 common/built-in.o
 .text.initr_serial
                0x000000008170a024       0x10 common/built-in.o
 .text.initr_dm
                0x000000008170a034       0x1a common/built-in.o
 .text.initr_bootstage
                0x000000008170a04e       0x12 common/built-in.o
 .text.initr_malloc
                0x000000008170a060       0x20 common/built-in.o
 .text.initr_reloc_global_data
                0x000000008170a080       0x2c common/built-in.o
 .text.initr_caches
                0x000000008170a0ac       0x10 common/built-in.o
 .text.bootstage_relocate
                0x000000008170a0bc        0x4 common/built-in.o
 .text.initr_barrier
                0x000000008170a0c0        0x4 common/built-in.o
 .text.initr_console_record
                0x000000008170a0c4        0x4 common/built-in.o
 .text.power_init_board
                0x000000008170a0c8        0x4 common/built-in.o
                0x000000008170a0c8                power_init_board
 .text.initr_announce
                0x000000008170a0cc        0x4 common/built-in.o
 .text.cpu_secondary_init_r
                0x000000008170a0d0        0x2 common/built-in.o
                0x000000008170a0d0                cpu_secondary_init_r
 .text.initr_secondary_cpu
                0x000000008170a0d2       0x10 common/built-in.o
 *fill*         0x000000008170a0e2        0x2 
 .text.board_init_r
                0x000000008170a0e4       0x20 common/built-in.o
                0x000000008170a0e4                board_init_r
 .text.checkboard
                0x000000008170a104        0x4 common/built-in.o
                0x000000008170a104                checkboard
 .text.show_board_info
                0x000000008170a108       0x2c common/built-in.o
                0x000000008170a108                show_board_info
 .text.bootm_find_images
                0x000000008170a134       0x7c common/built-in.o
                0x000000008170a134                bootm_find_images
 .text.bootm_decomp_image
                0x000000008170a1b0       0xe0 common/built-in.o
                0x000000008170a1b0                bootm_decomp_image
 .text.bootm_disable_interrupts
                0x000000008170a290       0x18 common/built-in.o
                0x000000008170a290                bootm_disable_interrupts
 .text.do_bootm_states
                0x000000008170a2a8      0x56c common/built-in.o
                0x000000008170a2a8                do_bootm_states
 .text.copy_args
                0x000000008170a814       0x3e common/built-in.o
 *fill*         0x000000008170a852        0x2 
 .text.do_bootm_rtems
                0x000000008170a854       0x34 common/built-in.o
 .text.do_bootm_plan9
                0x000000008170a888       0x74 common/built-in.o
 .text.do_bootm_standalone
                0x000000008170a8fc       0x48 common/built-in.o
 .text.do_bootm_qnxelf
                0x000000008170a944       0x58 common/built-in.o
 .text.do_bootm_netbsd
                0x000000008170a99c       0xb4 common/built-in.o
 .text.do_bootvx_fdt
                0x000000008170aa50       0xc8 common/built-in.o
                0x000000008170aa50                do_bootvx_fdt
 .text.do_bootm_vxworks
                0x000000008170ab18       0x20 common/built-in.o
 .text.arch_preboot_os
                0x000000008170ab38        0x2 common/built-in.o
                0x000000008170ab38                arch_preboot_os
 .text.boot_selected_os
                0x000000008170ab3a       0x40 common/built-in.o
                0x000000008170ab3a                boot_selected_os
 *fill*         0x000000008170ab7a        0x2 
 .text.bootm_os_get_boot_func
                0x000000008170ab7c        0xc common/built-in.o
                0x000000008170ab7c                bootm_os_get_boot_func
 .text.of_bus_default_map
                0x000000008170ab88       0xe2 common/built-in.o
 .text.of_bus_default_translate
                0x000000008170ac6a       0xa2 common/built-in.o
 .text.fdt_support_default_count_cells
                0x000000008170ad0c       0x50 common/built-in.o
                0x000000008170ad0c                fdt_support_default_count_cells
 .text.fdt_find_and_setprop
                0x000000008170ad5c       0x3e common/built-in.o
                0x000000008170ad5c                fdt_find_and_setprop
 *fill*         0x000000008170ad9a        0x2 
 .text.fdt_find_or_add_subnode
                0x000000008170ad9c       0x40 common/built-in.o
                0x000000008170ad9c                fdt_find_or_add_subnode
 .text.fdt_root
                0x000000008170addc       0x5c common/built-in.o
                0x000000008170addc                fdt_root
 .text.fdt_initrd
                0x000000008170ae38      0x16c common/built-in.o
                0x000000008170ae38                fdt_initrd
 .text.fdt_chosen
                0x000000008170afa4       0x94 common/built-in.o
                0x000000008170afa4                fdt_chosen
 .text.do_fixup_by_path
                0x000000008170b038       0x30 common/built-in.o
                0x000000008170b038                do_fixup_by_path
 .text.fdt_fixup_memory_banks
                0x000000008170b068      0x1a8 common/built-in.o
                0x000000008170b068                fdt_fixup_memory_banks
 .text.fdt_fixup_memory
                0x000000008170b210       0x12 common/built-in.o
                0x000000008170b210                fdt_fixup_memory
 *fill*         0x000000008170b222        0x2 
 .text.fdt_fixup_ethernet
                0x000000008170b224      0x108 common/built-in.o
                0x000000008170b224                fdt_fixup_ethernet
 .text.fdt_shrink_to_minimum
                0x000000008170b32c       0xb4 common/built-in.o
                0x000000008170b32c                fdt_shrink_to_minimum
 .text.fdt_translate_address
                0x000000008170b3e0      0x1ac common/built-in.o
                0x000000008170b3e0                fdt_translate_address
 .text.fdt_overlay_apply_verbose
                0x000000008170b58c       0x4c common/built-in.o
                0x000000008170b58c                fdt_overlay_apply_verbose
 .text.miiphy_get_dev_by_name
                0x000000008170b5d8       0x3c common/built-in.o
                0x000000008170b5d8                miiphy_get_dev_by_name
 .text.miiphy_init
                0x000000008170b614       0x18 common/built-in.o
                0x000000008170b614                miiphy_init
 .text.miiphy_set_current_dev
                0x000000008170b62c       0x30 common/built-in.o
                0x000000008170b62c                miiphy_set_current_dev
 .text.miiphy_get_active_dev
                0x000000008170b65c       0x38 common/built-in.o
 .text.miiphy_get_current_dev
                0x000000008170b694       0x14 common/built-in.o
                0x000000008170b694                miiphy_get_current_dev
 .text.miiphy_read
                0x000000008170b6a8       0x32 common/built-in.o
                0x000000008170b6a8                miiphy_read
 .text.miiphy_write
                0x000000008170b6da       0x32 common/built-in.o
                0x000000008170b6da                miiphy_write
 .text.miiphy_listdev
                0x000000008170b70c       0x58 common/built-in.o
                0x000000008170b70c                miiphy_listdev
 .text.miiphy_info
                0x000000008170b764       0x68 common/built-in.o
                0x000000008170b764                miiphy_info
 .text.miiphy_speed
                0x000000008170b7cc       0x94 common/built-in.o
                0x000000008170b7cc                miiphy_speed
 .text.miiphy_duplex
                0x000000008170b860       0x90 common/built-in.o
                0x000000008170b860                miiphy_duplex
 .text.miiphy_is_1000base_x
                0x000000008170b8f0        0x4 common/built-in.o
                0x000000008170b8f0                miiphy_is_1000base_x
 .text.usb_set_maxpacket_ep
                0x000000008170b8f4       0x68 common/built-in.o
 .text.usb_submit_int_msg
                0x000000008170b95c       0x18 common/built-in.o
                0x000000008170b95c                usb_submit_int_msg
 .text.usb_control_msg
                0x000000008170b974       0x8c common/built-in.o
                0x000000008170b974                usb_control_msg
 .text.usb_get_descriptor
                0x000000008170ba00       0x48 common/built-in.o
 .text.get_descriptor_len
                0x000000008170ba48       0x70 common/built-in.o
 .text.usb_setup_descriptor
                0x000000008170bab8       0x90 common/built-in.o
 .text.usb_get_string
                0x000000008170bb48       0x58 common/built-in.o
 .text.usb_string_sub
                0x000000008170bba0       0xa8 common/built-in.o
 .text.usb_bulk_msg
                0x000000008170bc48       0x5c common/built-in.o
                0x000000008170bc48                usb_bulk_msg
 .text.usb_maxpacket
                0x000000008170bca4       0x16 common/built-in.o
                0x000000008170bca4                usb_maxpacket
 .text.usb_clear_halt
                0x000000008170bcba       0x64 common/built-in.o
                0x000000008170bcba                usb_clear_halt
 *fill*         0x000000008170bd1e        0x2 
 .text.usb_get_configuration_len
                0x000000008170bd20       0x5c common/built-in.o
                0x000000008170bd20                usb_get_configuration_len
 .text.usb_get_configuration_no
                0x000000008170bd7c       0x28 common/built-in.o
                0x000000008170bd7c                usb_get_configuration_no
 .text.usb_set_interface
                0x000000008170bda4       0x94 common/built-in.o
                0x000000008170bda4                usb_set_interface
 .text.usb_set_protocol
                0x000000008170be38       0x3e common/built-in.o
                0x000000008170be38                usb_set_protocol
 .text.usb_set_idle
                0x000000008170be76       0x42 common/built-in.o
                0x000000008170be76                usb_set_idle
 .text.usb_string
                0x000000008170beb8       0xb8 common/built-in.o
                0x000000008170beb8                usb_string
 .text.usb_select_config
                0x000000008170bf70      0x350 common/built-in.o
                0x000000008170bf70                usb_select_config
 .text.usb_setup_device
                0x000000008170c2c0       0xb8 common/built-in.o
                0x000000008170c2c0                usb_setup_device
 .text.usb_device_has_child_on_port
                0x000000008170c378        0x4 common/built-in.o
                0x000000008170c378                usb_device_has_child_on_port
 .text.usb_set_port_feature
                0x000000008170c37c       0x3e common/built-in.o
 .text.usb_clear_port_feature
                0x000000008170c3ba       0x3e common/built-in.o
 .text.usb_get_hub_descriptor
                0x000000008170c3f8       0x4c common/built-in.o
 .text.usb_hub_reset_devices
                0x000000008170c444        0x2 common/built-in.o
                0x000000008170c444                usb_hub_reset_devices
 .text.usb_hub_is_root_hub
                0x000000008170c446       0x16 common/built-in.o
                0x000000008170c446                usb_hub_is_root_hub
 .text.usb_get_port_status
                0x000000008170c45c       0x88 common/built-in.o
                0x000000008170c45c                usb_get_port_status
 .text.usb_hub_port_connect_change
                0x000000008170c4e4      0x110 common/built-in.o
                0x000000008170c4e4                usb_hub_port_connect_change
 .text.usb_hub_configure
                0x000000008170c5f4      0x438 common/built-in.o
 .text.usb_hub_scan
                0x000000008170ca2c       0x12 common/built-in.o
                0x000000008170ca2c                usb_hub_scan
 .text.usb_hub_post_probe
                0x000000008170ca3e        0xe common/built-in.o
 .text.usb_stor_irq
                0x000000008170ca4c       0x14 common/built-in.o
 .text.usb_stor_BBB_reset
                0x000000008170ca60       0xc8 common/built-in.o
 .text.usb_stor_CB_reset
                0x000000008170cb28       0xa0 common/built-in.o
 .text.usb_stor_BBB_clear_endpt_stall.isra.0
                0x000000008170cbc8       0x38 common/built-in.o
 .text.usb_stor_BBB_transport
                0x000000008170cc00      0x1e4 common/built-in.o
 .text.usb_stor_CB_comdat
                0x000000008170cde4      0x168 common/built-in.o
 .text.usb_stor_CBI_get_status.isra.2
                0x000000008170cf4c       0x94 common/built-in.o
 .text.usb_stor_CB_transport
                0x000000008170cfe0      0x170 common/built-in.o
 .text.usb_request_sense.constprop.11
                0x000000008170d150       0x50 common/built-in.o
 .text.usb_stor_read
                0x000000008170d1a0      0x128 common/built-in.o
 .text.usb_stor_write
                0x000000008170d2c8      0x128 common/built-in.o
 .text.usb_stor_info
                0x000000008170d3f0       0x50 common/built-in.o
                0x000000008170d3f0                usb_stor_info
 .text.usb_stor_reset
                0x000000008170d440        0xc common/built-in.o
                0x000000008170d440                usb_stor_reset
 .text.usb_stor_scan
                0x000000008170d44c       0x34 common/built-in.o
                0x000000008170d44c                usb_stor_scan
 .text.usb_storage_probe
                0x000000008170d480      0x1b0 common/built-in.o
                0x000000008170d480                usb_storage_probe
 .text.usb_stor_get_info
                0x000000008170d630      0x27c common/built-in.o
                0x000000008170d630                usb_stor_get_info
 .text.usb_mass_storage_probe
                0x000000008170d8ac      0x144 common/built-in.o
 .text.menu_display_statusline
                0x000000008170d9f0        0x2 common/built-in.o
                0x000000008170d9f0                menu_display_statusline
 .text.menu_default_set
                0x000000008170d9f2       0x46 common/built-in.o
                0x000000008170d9f2                menu_default_set
 .text.menu_get_choice
                0x000000008170da38      0x128 common/built-in.o
                0x000000008170da38                menu_get_choice
 .text.menu_item_add
                0x000000008170db60       0x7a common/built-in.o
                0x000000008170db60                menu_item_add
 .text.menu_create
                0x000000008170dbda       0x50 common/built-in.o
                0x000000008170dbda                menu_create
 .text.menu_destroy
                0x000000008170dc2a       0x44 common/built-in.o
                0x000000008170dc2a                menu_destroy
 *fill*         0x000000008170dc6e        0x2 
 .text.usb_kbd_remove
                0x000000008170dc70       0x5c common/built-in.o
 .text.usb_kbd_translate.part.0
                0x000000008170dccc       0xd8 common/built-in.o
 .text.usb_kbd_probe
                0x000000008170dda4      0x164 common/built-in.o
 .text.usb_kbd_irq_worker
                0x000000008170df08      0x14e common/built-in.o
 *fill*         0x000000008170e056        0x2 
 .text.usb_kbd_getc
                0x000000008170e058       0x58 common/built-in.o
 .text.usb_kbd_testc
                0x000000008170e0b0       0x70 common/built-in.o
 .text.usb_kbd_irq
                0x000000008170e120       0x30 common/built-in.o
 .text.delete_char.part.0
                0x000000008170e150       0x80 common/built-in.o
 .text.cread_add_char
                0x000000008170e1d0       0x88 common/built-in.o
 .text.cli_readline_into_buffer
                0x000000008170e258      0x640 common/built-in.o
                0x000000008170e258                cli_readline_into_buffer
 .text.cli_readline
                0x000000008170e898       0x18 common/built-in.o
                0x000000008170e898                cli_readline
 .text.cli_simple_process_macros
                0x000000008170e8b0      0x11c common/built-in.o
                0x000000008170e8b0                cli_simple_process_macros
 .text.console_setfile
                0x000000008170e9cc       0x78 common/built-in.o
 .text.pre_console_putc
                0x000000008170ea44       0x1c common/built-in.o
 .text.fgetc    0x000000008170ea60       0x24 common/built-in.o
                0x000000008170ea60                fgetc
 .text.getc     0x000000008170ea84       0x26 common/built-in.o
                0x000000008170ea84                getc
 *fill*         0x000000008170eaaa        0x2 
 .text.ftstc    0x000000008170eaac       0x24 common/built-in.o
                0x000000008170eaac                ftstc
 .text.tstc     0x000000008170ead0       0x26 common/built-in.o
                0x000000008170ead0                tstc
 *fill*         0x000000008170eaf6        0x2 
 .text.fputc    0x000000008170eaf8       0x1c common/built-in.o
                0x000000008170eaf8                fputc
 .text.putc     0x000000008170eb14       0x36 common/built-in.o
                0x000000008170eb14                putc
 *fill*         0x000000008170eb4a        0x2 
 .text.fputs    0x000000008170eb4c       0x1c common/built-in.o
                0x000000008170eb4c                fputs
 .text.puts     0x000000008170eb68       0x4a common/built-in.o
                0x000000008170eb68                puts
 *fill*         0x000000008170ebb2        0x2 
 .text.print_pre_console_buffer
                0x000000008170ebb4       0x98 common/built-in.o
 .text.ctrlc    0x000000008170ec4c       0x40 common/built-in.o
                0x000000008170ec4c                ctrlc
 .text.disable_ctrlc
                0x000000008170ec8c       0x10 common/built-in.o
                0x000000008170ec8c                disable_ctrlc
 .text.had_ctrlc
                0x000000008170ec9c        0xc common/built-in.o
                0x000000008170ec9c                had_ctrlc
 .text.clear_ctrlc
                0x000000008170eca8        0xc common/built-in.o
                0x000000008170eca8                clear_ctrlc
 .text.search_device
                0x000000008170ecb4       0x24 common/built-in.o
                0x000000008170ecb4                search_device
 .text.console_assign
                0x000000008170ecd8       0x30 common/built-in.o
                0x000000008170ecd8                console_assign
 .text.on_console
                0x000000008170ed08       0x80 common/built-in.o
 .text.console_init_f
                0x000000008170ed88       0x1a common/built-in.o
                0x000000008170ed88                console_init_f
 *fill*         0x000000008170eda2        0x2 
 .text.stdio_print_current_devices
                0x000000008170eda4       0x84 common/built-in.o
                0x000000008170eda4                stdio_print_current_devices
 .text.console_init_r
                0x000000008170ee28       0xa0 common/built-in.o
                0x000000008170ee28                console_init_r
 .text.sbrk     0x000000008170eec8       0x48 common/built-in.o
                0x000000008170eec8                sbrk
 .text.mem_malloc_init
                0x000000008170ef10       0x2c common/built-in.o
                0x000000008170ef10                mem_malloc_init
 .text.malloc_trim
                0x000000008170ef3c       0x8c common/built-in.o
                0x000000008170ef3c                malloc_trim
 .text.free     0x000000008170efc8      0x164 common/built-in.o
                0x000000008170efc8                free
 .text.malloc   0x000000008170f12c      0x434 common/built-in.o
                0x000000008170f12c                malloc
 .text.calloc   0x000000008170f560       0xbc common/built-in.o
                0x000000008170f560                calloc
 .text.realloc  0x000000008170f61c      0x2e8 common/built-in.o
                0x000000008170f61c                realloc
 .text.memalign
                0x000000008170f904      0x102 common/built-in.o
                0x000000008170f904                memalign
 .text.initf_malloc
                0x000000008170fa06       0x20 common/built-in.o
                0x000000008170fa06                initf_malloc
 .text.malloc_simple
                0x000000008170fa26       0x32 common/built-in.o
                0x000000008170fa26                malloc_simple
 .text.on_loadaddr
                0x000000008170fa58       0x28 common/built-in.o
 .text.image_check_hcrc
                0x000000008170fa80       0x4a common/built-in.o
                0x000000008170fa80                image_check_hcrc
 .text.image_check_dcrc
                0x000000008170faca       0x52 common/built-in.o
                0x000000008170faca                image_check_dcrc
 .text.image_multi_count
                0x000000008170fb1c       0x12 common/built-in.o
                0x000000008170fb1c                image_multi_count
 .text.image_multi_getimg
                0x000000008170fb2e       0x94 common/built-in.o
                0x000000008170fb2e                image_multi_getimg
 *fill*         0x000000008170fbc2        0x2 
 .text.env_get_bootm_low
                0x000000008170fbc4       0x28 common/built-in.o
                0x000000008170fbc4                env_get_bootm_low
 .text.env_get_bootm_size
                0x000000008170fbec       0x4c common/built-in.o
                0x000000008170fbec                env_get_bootm_size
 .text.env_get_bootm_mapsize
                0x000000008170fc38       0x28 common/built-in.o
                0x000000008170fc38                env_get_bootm_mapsize
 .text.memmove_wd
                0x000000008170fc60       0x12 common/built-in.o
                0x000000008170fc60                memmove_wd
 *fill*         0x000000008170fc72        0x2 
 .text.genimg_print_size
                0x000000008170fc74       0x28 common/built-in.o
                0x000000008170fc74                genimg_print_size
 .text.get_table_entry
                0x000000008170fc9c       0x12 common/built-in.o
                0x000000008170fc9c                get_table_entry
 .text.get_table_entry_name
                0x000000008170fcae       0x1c common/built-in.o
                0x000000008170fcae                get_table_entry_name
 *fill*         0x000000008170fcca        0x2 
 .text.genimg_get_os_name
                0x000000008170fccc       0x1c common/built-in.o
                0x000000008170fccc                genimg_get_os_name
 .text.genimg_get_arch_name
                0x000000008170fce8       0x1c common/built-in.o
                0x000000008170fce8                genimg_get_arch_name
 .text.genimg_get_type_name
                0x000000008170fd04       0x1c common/built-in.o
                0x000000008170fd04                genimg_get_type_name
 .text.genimg_get_comp_name
                0x000000008170fd20       0x1c common/built-in.o
                0x000000008170fd20                genimg_get_comp_name
 .text.image_print_contents
                0x000000008170fd3c      0x178 common/built-in.o
                0x000000008170fd3c                image_print_contents
 .text.genimg_get_kernel_addr_fit
                0x000000008170feb4       0x20 common/built-in.o
                0x000000008170feb4                genimg_get_kernel_addr_fit
 .text.genimg_get_kernel_addr
                0x000000008170fed4       0x1c common/built-in.o
                0x000000008170fed4                genimg_get_kernel_addr
 .text.genimg_get_format
                0x000000008170fef0       0x40 common/built-in.o
                0x000000008170fef0                genimg_get_format
 .text.genimg_has_config
                0x000000008170ff30        0x4 common/built-in.o
                0x000000008170ff30                genimg_has_config
 .text.boot_get_ramdisk
                0x000000008170ff34      0x1e0 common/built-in.o
                0x000000008170ff34                boot_get_ramdisk
 .text.boot_ramdisk_high
                0x0000000081710114       0xd4 common/built-in.o
                0x0000000081710114                boot_ramdisk_high
 .text.boot_get_setup
                0x00000000817101e8        0x6 common/built-in.o
                0x00000000817101e8                boot_get_setup
 .text.image_setup_linux
                0x00000000817101ee       0x42 common/built-in.o
                0x00000000817101ee                image_setup_linux
 .text.fdt_error
                0x0000000081710230       0x28 common/built-in.o
 .text.boot_fdt_add_mem_rsv_regions
                0x0000000081710258       0x60 common/built-in.o
                0x0000000081710258                boot_fdt_add_mem_rsv_regions
 .text.boot_relocate_fdt
                0x00000000817102b8      0x13c common/built-in.o
                0x00000000817102b8                boot_relocate_fdt
 .text.boot_get_fdt
                0x00000000817103f4      0x21c common/built-in.o
                0x00000000817103f4                boot_get_fdt
 .text.ft_verify_fdt
                0x0000000081710610        0x4 common/built-in.o
                0x0000000081710610                ft_verify_fdt
 .text.image_setup_libfdt
                0x0000000081710614      0x10c common/built-in.o
                0x0000000081710614                image_setup_libfdt
 .text.get_ram_size
                0x0000000081710720       0x94 common/built-in.o
                0x0000000081710720                get_ram_size
 .text.get_effective_memsize
                0x00000000817107b4        0xc common/built-in.o
                0x00000000817107b4                get_effective_memsize
 .text.nulldev_putc
                0x00000000817107c0        0x2 common/built-in.o
 .text.nulldev_puts
                0x00000000817107c2        0x2 common/built-in.o
 .text.nulldev_input
                0x00000000817107c4        0x4 common/built-in.o
 .text.stdio_serial_tstc
                0x00000000817107c8        0xe common/built-in.o
 .text.stdio_serial_getc
                0x00000000817107d6        0xe common/built-in.o
 .text.stdio_serial_puts
                0x00000000817107e4       0x10 common/built-in.o
 .text.stdio_serial_putc
                0x00000000817107f4       0x10 common/built-in.o
 .text.stdio_get_list
                0x0000000081710804        0xc common/built-in.o
                0x0000000081710804                stdio_get_list
 .text.stdio_get_by_name
                0x0000000081710810       0x3c common/built-in.o
                0x0000000081710810                stdio_get_by_name
 .text.stdio_clone
                0x000000008171084c       0x28 common/built-in.o
                0x000000008171084c                stdio_clone
 .text.stdio_register_dev
                0x0000000081710874       0x3c common/built-in.o
                0x0000000081710874                stdio_register_dev
 .text.stdio_register
                0x00000000817108b0       0x10 common/built-in.o
                0x00000000817108b0                stdio_register
 .text.stdio_deregister_dev
                0x00000000817108c0       0xa4 common/built-in.o
                0x00000000817108c0                stdio_deregister_dev
 .text.stdio_init_tables
                0x0000000081710964       0x14 common/built-in.o
                0x0000000081710964                stdio_init_tables
 .text.stdio_add_devices
                0x0000000081710978       0xc8 common/built-in.o
                0x0000000081710978                stdio_add_devices
 .text.run_command
                0x0000000081710a40       0x18 common/built-in.o
                0x0000000081710a40                run_command
 .text.run_command_list
                0x0000000081710a58       0x50 common/built-in.o
                0x0000000081710a58                run_command_list
 .text.do_run   0x0000000081710aa8       0x4c common/built-in.o
                0x0000000081710aa8                do_run
 .text.cli_process_fdt
                0x0000000081710af4       0x38 common/built-in.o
                0x0000000081710af4                cli_process_fdt
 .text.cli_secure_boot_cmd
                0x0000000081710b2c       0x54 common/built-in.o
                0x0000000081710b2c                cli_secure_boot_cmd
 .text.cli_loop
                0x0000000081710b80        0xa common/built-in.o
                0x0000000081710b80                cli_loop
 .text.cli_init
                0x0000000081710b8a        0xe common/built-in.o
                0x0000000081710b8a                cli_init
 .text.find_cmd_tbl
                0x0000000081710b98       0x6c common/built-in.o
                0x0000000081710b98                find_cmd_tbl
 .text.find_cmd
                0x0000000081710c04       0x24 common/built-in.o
                0x0000000081710c04                find_cmd
 .text.cmd_usage
                0x0000000081710c28       0x40 common/built-in.o
                0x0000000081710c28                cmd_usage
 .text._do_help
                0x0000000081710c68      0x100 common/built-in.o
                0x0000000081710c68                _do_help
 .text.var_complete
                0x0000000081710d68       0x4c common/built-in.o
                0x0000000081710d68                var_complete
 .text.cmd_auto_complete
                0x0000000081710db4      0x2dc common/built-in.o
                0x0000000081710db4                cmd_auto_complete
 .text.cmd_get_data_size
                0x0000000081711090       0x38 common/built-in.o
                0x0000000081711090                cmd_get_data_size
 .text.cmd_process
                0x00000000817110c8       0x98 common/built-in.o
                0x00000000817110c8                cmd_process
 .text.cmd_process_error
                0x0000000081711160       0x18 common/built-in.o
                0x0000000081711160                cmd_process_error
 .text.blk_get_dev
                0x0000000081711178       0x24 disk/built-in.o
                0x0000000081711178                blk_get_dev
 .text.dev_print
                0x000000008171119c      0x170 disk/built-in.o
                0x000000008171119c                dev_print
 .text.part_init
                0x000000008171130c       0x3c disk/built-in.o
                0x000000008171130c                part_init
 .text.part_print
                0x0000000081711348       0xc4 disk/built-in.o
                0x0000000081711348                part_print
 .text.part_get_info
                0x000000008171140c       0x48 disk/built-in.o
                0x000000008171140c                part_get_info
 .text.part_get_info_whole_disk
                0x0000000081711454       0x40 disk/built-in.o
                0x0000000081711454                part_get_info_whole_disk
 .text.blk_get_device_by_str
                0x0000000081711494       0xd4 disk/built-in.o
                0x0000000081711494                blk_get_device_by_str
 .text.blk_get_device_part_str
                0x0000000081711568      0x24c disk/built-in.o
                0x0000000081711568                blk_get_device_part_str
 .text.part_set_generic_name
                0x00000000817117b4       0x3c disk/built-in.o
                0x00000000817117b4                part_set_generic_name
 .text.test_block_type
                0x00000000817117f0       0x58 disk/built-in.o
 .text.print_partition_extended
                0x0000000081711848      0x1ac disk/built-in.o
 .text.part_print_dos
                0x00000000817119f4       0x20 disk/built-in.o
                0x00000000817119f4                part_print_dos
 .text.part_test_dos
                0x0000000081711a14       0x52 disk/built-in.o
 *fill*         0x0000000081711a66        0x2 
 .text.part_get_info_extended
                0x0000000081711a68      0x20c disk/built-in.o
 .text.part_get_info_dos
                0x0000000081711c74       0x18 disk/built-in.o
                0x0000000081711c74                part_get_info_dos
 .text.iso_dread
                0x0000000081711c8c       0x26 disk/built-in.o
                0x0000000081711c8c                iso_dread
 *fill*         0x0000000081711cb2        0x2 
 .text.part_get_info_iso_verb
                0x0000000081711cb4      0x26c disk/built-in.o
                0x0000000081711cb4                part_get_info_iso_verb
 .text.part_test_iso
                0x0000000081711f20       0x12 disk/built-in.o
 *fill*         0x0000000081711f32        0x2 
 .text.part_print_iso
                0x0000000081711f34       0x60 disk/built-in.o
 .text.part_get_info_iso
                0x0000000081711f94        0xa disk/built-in.o
 *fill*         0x0000000081711f9e        0x2 
 .text.print_efiname
                0x0000000081711fa0       0x3c disk/built-in.o
 .text.part_test_efi
                0x0000000081711fdc       0x90 disk/built-in.o
 .text.validate_gpt_entries
                0x000000008171206c       0xa0 disk/built-in.o
 .text.validate_gpt_header
                0x000000008171210c      0x1b8 disk/built-in.o
 .text.is_gpt_valid
                0x00000000817122c4      0x1f0 disk/built-in.o
 .text.is_pte_valid
                0x00000000817124b4       0x44 disk/built-in.o
 .text.part_print_efi
                0x00000000817124f8      0x228 disk/built-in.o
                0x00000000817124f8                part_print_efi
 .text.part_get_info_efi
                0x0000000081712720      0x188 disk/built-in.o
                0x0000000081712720                part_get_info_efi
 .text.get_disk_guid
                0x00000000817128a8       0xb0 disk/built-in.o
                0x00000000817128a8                get_disk_guid
 .text.write_gpt_table
                0x0000000081712958      0x3cc disk/built-in.o
                0x0000000081712958                write_gpt_table
 .text.gpt_fill_pte
                0x0000000081712d24      0x2a4 disk/built-in.o
                0x0000000081712d24                gpt_fill_pte
 .text.gpt_fill_header
                0x0000000081712fc8      0x188 disk/built-in.o
                0x0000000081712fc8                gpt_fill_header
 .text.gpt_restore
                0x0000000081713150       0xd4 disk/built-in.o
                0x0000000081713150                gpt_restore
 .text.gpt_verify_headers
                0x0000000081713224       0x5c disk/built-in.o
                0x0000000081713224                gpt_verify_headers
 .text.gpt_verify_partitions
                0x0000000081713280      0x1a8 disk/built-in.o
                0x0000000081713280                gpt_verify_partitions
 .text.device_bind_common.isra.0
                0x0000000081713428      0x20c drivers/built-in.o
 .text.alloc_priv
                0x0000000081713634       0x42 drivers/built-in.o
 .text.device_bind_with_driver_data
                0x0000000081713676       0x20 drivers/built-in.o
                0x0000000081713676                device_bind_with_driver_data
 .text.device_bind
                0x0000000081713696       0x20 drivers/built-in.o
                0x0000000081713696                device_bind
 .text.device_bind_by_name
                0x00000000817136b6       0x4c drivers/built-in.o
                0x00000000817136b6                device_bind_by_name
 *fill*         0x0000000081713702        0x2 
 .text.device_probe
                0x0000000081713704      0x140 drivers/built-in.o
                0x0000000081713704                device_probe
 .text.dev_get_platdata
                0x0000000081713844       0x28 drivers/built-in.o
                0x0000000081713844                dev_get_platdata
 .text.dev_get_parent_platdata
                0x000000008171386c       0x28 drivers/built-in.o
                0x000000008171386c                dev_get_parent_platdata
 .text.dev_get_uclass_platdata
                0x0000000081713894       0x28 drivers/built-in.o
                0x0000000081713894                dev_get_uclass_platdata
 .text.dev_get_priv
                0x00000000817138bc       0x28 drivers/built-in.o
                0x00000000817138bc                dev_get_priv
 .text.dev_get_uclass_priv
                0x00000000817138e4       0x28 drivers/built-in.o
                0x00000000817138e4                dev_get_uclass_priv
 .text.dev_get_parent_priv
                0x000000008171390c       0x28 drivers/built-in.o
                0x000000008171390c                dev_get_parent_priv
 .text.device_get_child
                0x0000000081713934       0x3c drivers/built-in.o
                0x0000000081713934                device_get_child
 .text.device_find_first_child
                0x0000000081713970       0x14 drivers/built-in.o
                0x0000000081713970                device_find_first_child
 .text.device_find_next_child
                0x0000000081713984       0x18 drivers/built-in.o
                0x0000000081713984                device_find_next_child
 .text.dev_get_driver_data
                0x000000008171399c        0x4 drivers/built-in.o
                0x000000008171399c                dev_get_driver_data
 .text.device_get_uclass_id
                0x00000000817139a0        0x8 drivers/built-in.o
                0x00000000817139a0                device_get_uclass_id
 .text.device_has_active_children
                0x00000000817139a8       0x30 drivers/built-in.o
                0x00000000817139a8                device_has_active_children
 .text.device_is_last_sibling
                0x00000000817139d8       0x14 drivers/built-in.o
                0x00000000817139d8                device_is_last_sibling
 .text.devfdt_get_addr_index
                0x00000000817139ec       0x78 drivers/built-in.o
                0x00000000817139ec                devfdt_get_addr_index
 .text.devfdt_get_addr
                0x0000000081713a64       0x10 drivers/built-in.o
                0x0000000081713a64                devfdt_get_addr
 .text.lists_driver_lookup_name
                0x0000000081713a74       0x38 drivers/built-in.o
                0x0000000081713a74                lists_driver_lookup_name
 .text.lists_uclass_lookup
                0x0000000081713aac       0x20 drivers/built-in.o
                0x0000000081713aac                lists_uclass_lookup
 .text.lists_bind_drivers
                0x0000000081713acc       0x58 drivers/built-in.o
                0x0000000081713acc                lists_bind_drivers
 .text.device_bind_driver_to_node
                0x0000000081713b24       0x36 drivers/built-in.o
                0x0000000081713b24                device_bind_driver_to_node
 .text.device_bind_driver
                0x0000000081713b5a       0x1a drivers/built-in.o
                0x0000000081713b5a                device_bind_driver
 .text.lists_bind_fdt
                0x0000000081713b74       0xe0 drivers/built-in.o
                0x0000000081713b74                lists_bind_fdt
 .text.dm_scan_fdt_node
                0x0000000081713c54       0x78 drivers/built-in.o
 .text.dm_root  0x0000000081713ccc       0x24 drivers/built-in.o
                0x0000000081713ccc                dm_root
 .text.dm_get_translation_offset
                0x0000000081713cf0       0x14 drivers/built-in.o
                0x0000000081713cf0                dm_get_translation_offset
 .text.dm_init  0x0000000081713d04       0x48 drivers/built-in.o
                0x0000000081713d04                dm_init
 .text.dm_remove_devices_flags
                0x0000000081713d4c       0x1a drivers/built-in.o
                0x0000000081713d4c                dm_remove_devices_flags
 *fill*         0x0000000081713d66        0x2 
 .text.dm_scan_platdata
                0x0000000081713d68       0x24 drivers/built-in.o
                0x0000000081713d68                dm_scan_platdata
 .text.dm_scan_fdt_dev
                0x0000000081713d8c       0x26 drivers/built-in.o
                0x0000000081713d8c                dm_scan_fdt_dev
 .text.dm_scan_fdt
                0x0000000081713db2       0x1c drivers/built-in.o
                0x0000000081713db2                dm_scan_fdt
 *fill*         0x0000000081713dce        0x2 
 .text.dm_extended_scan_fdt
                0x0000000081713dd0       0x38 drivers/built-in.o
                0x0000000081713dd0                dm_extended_scan_fdt
 .text.dm_scan_other
                0x0000000081713e08        0x4 drivers/built-in.o
                0x0000000081713e08                dm_scan_other
 .text.dm_init_and_scan
                0x0000000081713e0c       0x36 drivers/built-in.o
                0x0000000081713e0c                dm_init_and_scan
 .text.uclass_find
                0x0000000081713e42       0x36 drivers/built-in.o
                0x0000000081713e42                uclass_find
 .text.uclass_get
                0x0000000081713e78       0xb4 drivers/built-in.o
                0x0000000081713e78                uclass_get
 .text.uclass_find_device
                0x0000000081713f2c       0x50 drivers/built-in.o
                0x0000000081713f2c                uclass_find_device
 .text.uclass_find_first_device
                0x0000000081713f7c       0x2e drivers/built-in.o
                0x0000000081713f7c                uclass_find_first_device
 .text.uclass_find_next_device
                0x0000000081713faa       0x18 drivers/built-in.o
                0x0000000081713faa                uclass_find_next_device
 .text.uclass_find_device_by_seq
                0x0000000081713fc2       0x56 drivers/built-in.o
                0x0000000081713fc2                uclass_find_device_by_seq
 .text.uclass_find_device_by_of_offset
                0x0000000081714018       0x4c drivers/built-in.o
                0x0000000081714018                uclass_find_device_by_of_offset
 .text.uclass_get_device_tail
                0x0000000081714064       0x22 drivers/built-in.o
                0x0000000081714064                uclass_get_device_tail
 .text.uclass_get_device
                0x0000000081714086       0x26 drivers/built-in.o
                0x0000000081714086                uclass_get_device
 .text.uclass_get_device_by_seq
                0x00000000817140ac       0x3c drivers/built-in.o
                0x00000000817140ac                uclass_get_device_by_seq
 .text.uclass_get_device_by_of_offset
                0x00000000817140e8       0x26 drivers/built-in.o
                0x00000000817140e8                uclass_get_device_by_of_offset
 .text.uclass_first_device
                0x000000008171410e       0x2e drivers/built-in.o
                0x000000008171410e                uclass_first_device
 .text.uclass_next_device
                0x000000008171413c       0x32 drivers/built-in.o
                0x000000008171413c                uclass_next_device
 .text.uclass_bind_device
                0x000000008171416e       0x46 drivers/built-in.o
                0x000000008171416e                uclass_bind_device
 .text.uclass_unbind_device
                0x00000000817141b4       0x2e drivers/built-in.o
                0x00000000817141b4                uclass_unbind_device
 *fill*         0x00000000817141e2        0x2 
 .text.uclass_resolve_seq
                0x00000000817141e4       0x74 drivers/built-in.o
                0x00000000817141e4                uclass_resolve_seq
 .text.uclass_pre_probe_device
                0x0000000081714258       0x36 drivers/built-in.o
                0x0000000081714258                uclass_pre_probe_device
 .text.uclass_post_probe_device
                0x000000008171428e       0x1c drivers/built-in.o
                0x000000008171428e                uclass_post_probe_device
 .text.uclass_pre_remove_device
                0x00000000817142aa       0x1c drivers/built-in.o
                0x00000000817142aa                uclass_pre_remove_device
 .text.dm_warn  0x00000000817142c6       0x16 drivers/built-in.o
                0x00000000817142c6                dm_warn
 .text.dm_fdt_pre_reloc
                0x00000000817142dc       0x40 drivers/built-in.o
                0x00000000817142dc                dm_fdt_pre_reloc
 .text.device_unbind
                0x000000008171431c       0xc0 drivers/built-in.o
                0x000000008171431c                device_unbind
 .text.device_free
                0x00000000817143dc       0x56 drivers/built-in.o
                0x00000000817143dc                device_free
 *fill*         0x0000000081714432        0x2 
 .text.device_remove
                0x0000000081714434       0xf8 drivers/built-in.o
                0x0000000081714434                device_remove
 .text.simple_bus_post_bind
                0x000000008171452c       0x40 drivers/built-in.o
 .text.show_devices
                0x000000008171456c       0xa4 drivers/built-in.o
 .text.dm_dump_all
                0x0000000081714610       0x34 drivers/built-in.o
                0x0000000081714610                dm_dump_all
 .text.dm_dump_uclass
                0x0000000081714644       0x98 drivers/built-in.o
                0x0000000081714644                dm_dump_uclass
 .text.ofnode_read_u32
                0x00000000817146dc       0x52 drivers/built-in.o
                0x00000000817146dc                ofnode_read_u32
 .text.ofnode_read_u32_default
                0x000000008171472e       0x18 drivers/built-in.o
                0x000000008171472e                ofnode_read_u32_default
 .text.ofnode_read_u32_array
                0x0000000081714746       0x22 drivers/built-in.o
                0x0000000081714746                ofnode_read_u32_array
 .text.ofnode_get_name
                0x0000000081714768       0x14 drivers/built-in.o
                0x0000000081714768                ofnode_get_name
 .text.ofnode_path
                0x000000008171477c       0x12 drivers/built-in.o
                0x000000008171477c                ofnode_path
 .text.ofnode_get_property
                0x000000008171478e       0x1c drivers/built-in.o
                0x000000008171478e                ofnode_get_property
 .text.get_desc
                0x00000000817147aa       0x3a drivers/built-in.o
 .text.blk_driver_lookup_type
                0x00000000817147e4       0x20 drivers/built-in.o
                0x00000000817147e4                blk_driver_lookup_type
 .text.blk_get_if_type_name
                0x0000000081714804        0xe drivers/built-in.o
                0x0000000081714804                blk_get_if_type_name
 .text.blk_list_part
                0x0000000081714812       0x54 drivers/built-in.o
                0x0000000081714812                blk_list_part
 .text.blk_print_part_devnum
                0x0000000081714866       0x32 drivers/built-in.o
                0x0000000081714866                blk_print_part_devnum
 .text.blk_list_devices
                0x0000000081714898       0x40 drivers/built-in.o
                0x0000000081714898                blk_list_devices
 .text.blk_print_device_num
                0x00000000817148d8       0x38 drivers/built-in.o
                0x00000000817148d8                blk_print_device_num
 .text.blk_show_device
                0x0000000081714910       0x54 drivers/built-in.o
                0x0000000081714910                blk_show_device
 .text.blk_get_devnum_by_type
                0x0000000081714964       0x20 drivers/built-in.o
                0x0000000081714964                blk_get_devnum_by_type
 .text.blk_dselect_hwpart
                0x0000000081714984       0x24 drivers/built-in.o
                0x0000000081714984                blk_dselect_hwpart
 .text.blk_get_devnum_by_typename
                0x00000000817149a8       0x4c drivers/built-in.o
                0x00000000817149a8                blk_get_devnum_by_typename
 .text.blk_read_devnum
                0x00000000817149f4       0x30 drivers/built-in.o
                0x00000000817149f4                blk_read_devnum
 .text.blk_write_devnum
                0x0000000081714a24       0x30 drivers/built-in.o
                0x0000000081714a24                blk_write_devnum
 .text.blk_select_hwpart_devnum
                0x0000000081714a54       0x2a drivers/built-in.o
                0x0000000081714a54                blk_select_hwpart_devnum
 .text.mmc_set_ios
                0x0000000081714a7e       0x16 drivers/built-in.o
 .text.mmc_set_capacity
                0x0000000081714a94       0x7a drivers/built-in.o
 .text.board_mmc_getwp
                0x0000000081714b0e        0x6 drivers/built-in.o
                0x0000000081714b0e                board_mmc_getwp
 .text.mmc_getwp
                0x0000000081714b14       0x24 drivers/built-in.o
                0x0000000081714b14                mmc_getwp
 .text.board_mmc_getcd
                0x0000000081714b38        0x6 drivers/built-in.o
                0x0000000081714b38                board_mmc_getcd
 .text.mmc_send_cmd
                0x0000000081714b3e       0x12 drivers/built-in.o
                0x0000000081714b3e                mmc_send_cmd
 .text.mmc_send_ext_csd
                0x0000000081714b50       0x32 drivers/built-in.o
 .text.mmc_go_idle
                0x0000000081714b82       0x38 drivers/built-in.o
 *fill*         0x0000000081714bba        0x2 
 .text.mmc_send_op_cond_iter
                0x0000000081714bbc       0x54 drivers/built-in.o
 .text.mmc_send_status
                0x0000000081714c10       0x94 drivers/built-in.o
                0x0000000081714c10                mmc_send_status
 .text.mmc_set_blocklen
                0x0000000081714ca4       0x32 drivers/built-in.o
                0x0000000081714ca4                mmc_set_blocklen
 *fill*         0x0000000081714cd6        0x2 
 .text.mmc_bread
                0x0000000081714cd8       0xf8 drivers/built-in.o
                0x0000000081714cd8                mmc_bread
 .text.mmc_switch
                0x0000000081714dd0       0x4c drivers/built-in.o
                0x0000000081714dd0                mmc_switch
 .text.mmc_switch_part
                0x0000000081714e1c       0x4c drivers/built-in.o
                0x0000000081714e1c                mmc_switch_part
 .text.mmc_hwpart_config
                0x0000000081714e68      0x300 drivers/built-in.o
                0x0000000081714e68                mmc_hwpart_config
 .text.mmc_getcd
                0x0000000081715168       0x26 drivers/built-in.o
                0x0000000081715168                mmc_getcd
 .text.mmc_set_clock
                0x000000008171518e       0x22 drivers/built-in.o
                0x000000008171518e                mmc_set_clock
 .text.mmc_startup
                0x00000000817151b0      0xa78 drivers/built-in.o
 .text.board_mmc_power_init
                0x0000000081715c28        0x2 drivers/built-in.o
                0x0000000081715c28                board_mmc_power_init
 *fill*         0x0000000081715c2a        0x2 
 .text.mmc_start_init
                0x0000000081715c2c      0x19c drivers/built-in.o
                0x0000000081715c2c                mmc_start_init
 .text.mmc_init
                0x0000000081715dc8       0xd0 drivers/built-in.o
                0x0000000081715dc8                mmc_init
 .text.mmc_set_dsr
                0x0000000081715e98        0x6 drivers/built-in.o
                0x0000000081715e98                mmc_set_dsr
 .text.cpu_mmc_init
                0x0000000081715e9e        0x6 drivers/built-in.o
                0x0000000081715e9e                cpu_mmc_init
 .text.mmc_initialize
                0x0000000081715ea4       0x40 drivers/built-in.o
                0x0000000081715ea4                mmc_initialize
 .text.find_mmc_device
                0x0000000081715ee4       0x30 drivers/built-in.o
                0x0000000081715ee4                find_mmc_device
 .text.mmc_select_hwpartp
                0x0000000081715f14       0x3a drivers/built-in.o
 .text.mmc_get_dev
                0x0000000081715f4e       0x20 drivers/built-in.o
 *fill*         0x0000000081715f6e        0x2 
 .text.mmc_get_next_devnum
                0x0000000081715f70       0x10 drivers/built-in.o
                0x0000000081715f70                mmc_get_next_devnum
 .text.mmc_get_blk_desc
                0x0000000081715f80        0x4 drivers/built-in.o
                0x0000000081715f80                mmc_get_blk_desc
 .text.get_mmc_num
                0x0000000081715f84        0xc drivers/built-in.o
                0x0000000081715f84                get_mmc_num
 .text.mmc_do_preinit
                0x0000000081715f90       0x24 drivers/built-in.o
                0x0000000081715f90                mmc_do_preinit
 .text.mmc_list_init
                0x0000000081715fb4       0x18 drivers/built-in.o
                0x0000000081715fb4                mmc_list_init
 .text.mmc_list_add
                0x0000000081715fcc       0x14 drivers/built-in.o
                0x0000000081715fcc                mmc_list_add
 .text.print_mmc_devices
                0x0000000081715fe0       0x80 drivers/built-in.o
                0x0000000081715fe0                print_mmc_devices
 .text.mmc_create
                0x0000000081716060       0x80 drivers/built-in.o
                0x0000000081716060                mmc_create
 .text.mmc_berase
                0x00000000817160e0      0x120 drivers/built-in.o
                0x00000000817160e0                mmc_berase
 .text.mmc_bwrite
                0x0000000081716200      0x118 drivers/built-in.o
                0x0000000081716200                mmc_bwrite
 .text.sunxi_mmc_core_init
                0x0000000081716318       0x1e drivers/built-in.o
 *fill*         0x0000000081716336        0x2 
 .text.sunxi_mmc_getcd_gpio
                0x0000000081716338       0x20 drivers/built-in.o
 .text.sunxi_mmc_getcd_legacy
                0x0000000081716358       0x22 drivers/built-in.o
 *fill*         0x000000008171637a        0x2 
 .text.mmc_update_clk.isra.1
                0x000000008171637c       0x48 drivers/built-in.o
 .text.mmc_set_mod_clk
                0x00000000817163c4       0xa4 drivers/built-in.o
 .text.sunxi_mmc_set_ios_legacy
                0x0000000081716468       0x8c drivers/built-in.o
 .text.sunxi_mmc_send_cmd_legacy
                0x00000000817164f4      0x224 drivers/built-in.o
 .text.sunxi_mmc_init
                0x0000000081716718      0x138 drivers/built-in.o
                0x0000000081716718                sunxi_mmc_init
 .text.keyboard_start
                0x0000000081716850       0x1c drivers/built-in.o
 .text.keyboard_stop
                0x000000008171686c       0x1c drivers/built-in.o
 .text.keyboard_pre_probe
                0x0000000081716888       0x50 drivers/built-in.o
 .text.keyboard_tstc
                0x00000000817168d8       0x36 drivers/built-in.o
 .text.keyboard_getc
                0x000000008171690e       0x36 drivers/built-in.o
 .text.input_tstc
                0x0000000081716944       0x32 drivers/built-in.o
                0x0000000081716944                input_tstc
 .text.input_getc
                0x0000000081716976       0x40 drivers/built-in.o
                0x0000000081716976                input_getc
 .text.input_init
                0x00000000817169b6       0x1c drivers/built-in.o
                0x00000000817169b6                input_init
 .text.get_function
                0x00000000817169d2       0x66 drivers/gpio/built-in.o
 .text.gpio_to_device
                0x0000000081716a38       0x52 drivers/gpio/built-in.o
 *fill*         0x0000000081716a8a        0x2 
 .text.check_reserved
                0x0000000081716a8c       0x54 drivers/gpio/built-in.o
 .text.gpio_renumber
                0x0000000081716ae0       0x52 drivers/gpio/built-in.o
 .text.gpio_pre_remove
                0x0000000081716b32       0x38 drivers/gpio/built-in.o
 .text.gpio_post_probe
                0x0000000081716b6a       0x2c drivers/gpio/built-in.o
 *fill*         0x0000000081716b96        0x2 
 .text.dm_gpio_lookup_name
                0x0000000081716b98       0xac drivers/gpio/built-in.o
                0x0000000081716b98                dm_gpio_lookup_name
 .text.gpio_lookup_name
                0x0000000081716c44       0x50 drivers/gpio/built-in.o
                0x0000000081716c44                gpio_lookup_name
 .text.dm_gpio_request
                0x0000000081716c94       0x68 drivers/gpio/built-in.o
                0x0000000081716c94                dm_gpio_request
 .text.gpio_request
                0x0000000081716cfc       0x24 drivers/gpio/built-in.o
                0x0000000081716cfc                gpio_request
 .text._dm_gpio_free
                0x0000000081716d20       0x4a drivers/gpio/built-in.o
                0x0000000081716d20                _dm_gpio_free
 .text.gpio_free
                0x0000000081716d6a       0x20 drivers/gpio/built-in.o
                0x0000000081716d6a                gpio_free
 *fill*         0x0000000081716d8a        0x2 
 .text.gpio_direction_input
                0x0000000081716d8c       0x34 drivers/gpio/built-in.o
                0x0000000081716d8c                gpio_direction_input
 .text.gpio_direction_output
                0x0000000081716dc0       0x3c drivers/gpio/built-in.o
                0x0000000081716dc0                gpio_direction_output
 .text.dm_gpio_get_value
                0x0000000081716dfc       0x34 drivers/gpio/built-in.o
                0x0000000081716dfc                dm_gpio_get_value
 .text.gpio_get_value
                0x0000000081716e30       0x1e drivers/gpio/built-in.o
                0x0000000081716e30                gpio_get_value
 .text.gpio_get_bank_info
                0x0000000081716e4e       0x18 drivers/gpio/built-in.o
                0x0000000081716e4e                gpio_get_bank_info
 .text.gpio_get_function
                0x0000000081716e66       0x12 drivers/gpio/built-in.o